NODE:  4  21 
NODE:  1  3 
NODE:  8  20 
NODE:  22  80 

